../Core/Src/main.c:121:8:apagarTodosLEDs	16	static
../Core/Src/main.c:72:5:main	32	static
../Core/Src/main.c:129:8:acenderLED	24	static
../Core/Src/main.c:146:8:lerJoystick	56	static
../Core/Src/main.c:211:6:SystemClock_Config	96	static
../Core/Src/main.c:260:6:PeriphCommonClock_Config	144	static
../Core/Src/main.c:286:13:MX_ADC1_Init	48	static
../Core/Src/main.c:353:13:MX_ADC2_Init	32	static
../Core/Src/main.c:411:13:MX_USART2_UART_Init	8	static
../Core/Src/main.c:446:13:MX_GPIO_Init	48	static
../Core/Src/main.c:518:6:Error_Handler	4	static,ignoring_inline_asm
